src/main.ts(2,28): error TS2307: Cannot find module './typescript.svg' or its corresponding type declarations.
src/main.ts(3,22): error TS2307: Cannot find module '/vite.svg' or its corresponding type declarations.
src/pages/Projects.tsx(456,67): error TS2322: Type '"hard" | "medium" | "easy"' is not assignable to type '"medium"'.
  Type '"hard"' is not assignable to type '"medium"'.
